
Warning: Value for undeclared variable

The root module does not declare a variable named "gitlab_audience" but a
value was found in file "../envs/dev/terraform.tfvars". If you meant to use
this value, add a "variable" block to the configuration.

To silence these warnings, use TF_VAR_... environment variables to provide
certain "global" settings to all configurations in your organization. To
reduce the verbosity of these warnings, use the -compact-warnings option.

Warning: Value for undeclared variable

The root module does not declare a variable named "backend_certificate_id"
but a value was found in file "../envs/dev/terraform.tfvars". If you meant to
use this value, add a "variable" block to the configuration.

To silence these warnings, use TF_VAR_... environment variables to provide
certain "global" settings to all configurations in your organization. To
reduce the verbosity of these warnings, use the -compact-warnings option.

Warning: Values for undeclared variables

In addition to the other similar warnings shown, 15 other variable(s) defined
without being declared.

Error: Reference to undeclared input variable

  on gclt-aicoe-dev-aihub-ui.tf line 64, in resource "google_firestore_database" "gclt_aicoe_dev_aihub_ui_sessions":
  64:   project                 = var.project_id

An input variable with the name "project_id" has not been declared. This
variable can be declared with a variable "project_id" {} block.
